
>>> batch 1 offset=0 limit=50
[1/50] skip 86 (local key exists)
[2/50] skip 87 (local key exists)
[4/50] skip 89 (local key exists)
[5/50] skip 90 (local key exists)
[6/50] skip 91 (local key exists)
[7/50] skip 92 (local key exists)
[8/50] skip 93 (local key exists)
[9/50] skip 94 (local key exists)
[10/50] skip 95 (local key exists)
[11/50] skip 96 (local key exists)
[12/50] skip 99 (local key exists)
[13/50] skip 100 (local key exists)
[16/50] skip 211 (local key exists)
[17/50] skip 212 (local key exists)
[18/50] skip 213 (local key exists)
[19/50] skip 214 (local key exists)
[20/50] skip 215 (local key exists)
[21/50] skip 216 (local key exists)
[22/50] skip 217 (local key exists)
[23/50] skip 218 (local key exists)
[24/50] skip 219 (local key exists)
[25/50] skip 220 (local key exists)
[28/50] skip 223 (local key exists)
[29/50] skip 224 (local key exists)
[30/50] skip 225 (local key exists)
[32/50] skip 227 (local key exists)
[33/50] skip 228 (local key exists)
[34/50] skip 229 (local key exists)
[35/50] skip 230 (local key exists)
[36/50] skip 231 (local key exists)
[37/50] skip 232 (local key exists)
[38/50] skip 233 (local key exists)
[41/50] skip 236 (local key exists)
[43/50] skip 238 (local key exists)
[46/50] skip 241 (local key exists)
[47/50] skip 242 (local key exists)
[48/50] skip 243 (local key exists)
[49/50] skip 244 (local key exists)
{"ok": 0, "fail": 12, "skip": 38, "n": 50, "workers": 5}
keys_dir=/opt/tnexus/pure_http_keys enable_count=537 ids=100,1211,1213,1215,1219,1221,1223,1225,1227,1229,1231,1233,1235,1237,1239,1241,1243,1245,1247,1249,1251,1253,1255,1257,1259,1261,1262,1263,1267,1269,1271,1273,1275,1277,1279,1281,1283,1285,1287,1289,1291,1293,1295,1297,1299,1300,1301,1302,1303,1304,1305,1306,1307,1308,1309,1310,1311,1312,1313,1314,1315,1316,1317,1318,1319,1320,1321,1322,1323,1324,1325,1327,1330,1332,1335,1336,1338,1340,1342,1343,1356,1358,1360,1362,1364,1365,1366,1367,1368,1369,1370,1371,1372,1373,1374,1375,1376,1377,1378,1379,1380,1381,1382,1383,1384,1385,1386,1387,1388,1389,1390,1392,1393,1394,1395,1396,1398,1400,1402,1404,1406,1408,1410,1412,1414,1416,1418,1420,1422,1424,1426,1427,1428,1429,1430,1431,1432,1433,1434,1435,1436,1439,1441,1443,1444,1445,1447,1449,1451,1453,1455,1457,1461,1463,1464,1467,1468,1469,1470,1471,1472,1473,1481,1482,1483,1487,1490,1492,1493,1494,1495,1496,1497,1504,1505,1506,1507,1508,1509,1510,1511,1512,1514,1515,1516,1517,1518,1519,1520,1521,1522,1523,1524,1525,1526,1527,1528,1529,1530,1531,1532,1533,1534,1535,1536,1537,1565,1566,1567,1568,1570,1571,1573,1574,1575,1576,1577,1592,1593,1594,1595,1596,1597,1598,1599,1600,1601,1602,1603,1604,1605,1606,1608,1610,1612,1613,1614,1616,1617,1618,1619,1620,1621,1622,1623,1624,1625,1626,1628,1629,1630,1631,1632,1633,1634,1635,1636,1637,1638,1639,1640,1641,1642,1643,1645,1646,1647,1648,1649,1650,1651,1652,1653,1654,1655,1656,1657,1658,1659,1660,1661,1662,1663,1664,1665,1666,1667,1668,1669,1670,1671,1672,1673,1675,1676,1677,1678,1682,1683,1686,1687,1688,1691,1692,1693,1694,1697,1698,1699,1700,1701,211,212,213,214,215,216,217,218,219,220,223,224,225,227,228,229,230,231,232,233,236,238,241,242,243,244,246,249,250,252,261,272,273,276,283,288,289,296,297,298,304,348,381,382,383,384,385,386,387,388,389,390,391,392,393,394,395,396,397,398,399,400,401,402,405,406,407,408,409,410,411,413,414,417,419,421,423,424,425,426,430,431,432,434,435,437,438,439,440,441,442,443,444,446,447,449,452,454,455,457,459,461,462,463,465,467,469,471,473,474,475,477,479,481,482,485,487,489,491,492,493,495,497,499,503,505,507,509,510,512,514,516,518,520,523,525,527,529,531,533,535,537,539,541,543,544,546,548,550,552,553,554,556,558,559,565,567,569,571,573,575,577,579,581,583,585,587,591,593,595,597,599,601,602,605,607,609,611,613,615,617,619,620,622,624,626,628,630,632,633,635,637,638,639,641,642,644,646,647,649,650,652,654,656,657,659,661,663,667,669,671,673,674,675,677,86,87,89,90,91,92,93,94,95,96,99
UPDATE 537
UPDATE 161
applied OK
537|698
batch rc=1 (partial failures ok), continuing

>>> batch 2 offset=50 limit=50
[1/50] skip 246 (local key exists)
[4/50] skip 249 (local key exists)
[5/50] skip 250 (local key exists)
[7/50] skip 252 (local key exists)
[16/50] skip 261 (local key exists)
[25/50] skip 272 (local key exists)
[26/50] skip 273 (local key exists)
[29/50] skip 276 (local key exists)
[36/50] skip 283 (local key exists)
[41/50] skip 288 (local key exists)
[42/50] skip 289 (local key exists)
[49/50] skip 296 (local key exists)
[50/50] skip 297 (local key exists)
{"ok": 0, "fail": 37, "skip": 13, "n": 50, "workers": 5}
keys_dir=/opt/tnexus/pure_http_keys enable_count=537 ids=100,1211,1213,1215,1219,1221,1223,1225,1227,1229,1231,1233,1235,1237,1239,1241,1243,1245,1247,1249,1251,1253,1255,1257,1259,1261,1262,1263,1267,1269,1271,1273,1275,1277,1279,1281,1283,1285,1287,1289,1291,1293,1295,1297,1299,1300,1301,1302,1303,1304,1305,1306,1307,1308,1309,1310,1311,1312,1313,1314,1315,1316,1317,1318,1319,1320,1321,1322,1323,1324,1325,1327,1330,1332,1335,1336,1338,1340,1342,1343,1356,1358,1360,1362,1364,1365,1366,1367,1368,1369,1370,1371,1372,1373,1374,1375,1376,1377,1378,1379,1380,1381,1382,1383,1384,1385,1386,1387,1388,1389,1390,1392,1393,1394,1395,1396,1398,1400,1402,1404,1406,1408,1410,1412,1414,1416,1418,1420,1422,1424,1426,1427,1428,1429,1430,1431,1432,1433,1434,1435,1436,1439,1441,1443,1444,1445,1447,1449,1451,1453,1455,1457,1461,1463,1464,1467,1468,1469,1470,1471,1472,1473,1481,1482,1483,1487,1490,1492,1493,1494,1495,1496,1497,1504,1505,1506,1507,1508,1509,1510,1511,1512,1514,1515,1516,1517,1518,1519,1520,1521,1522,1523,1524,1525,1526,1527,1528,1529,1530,1531,1532,1533,1534,1535,1536,1537,1565,1566,1567,1568,1570,1571,1573,1574,1575,1576,1577,1592,1593,1594,1595,1596,1597,1598,1599,1600,1601,1602,1603,1604,1605,1606,1608,1610,1612,1613,1614,1616,1617,1618,1619,1620,1621,1622,1623,1624,1625,1626,1628,1629,1630,1631,1632,1633,1634,1635,1636,1637,1638,1639,1640,1641,1642,1643,1645,1646,1647,1648,1649,1650,1651,1652,1653,1654,1655,1656,1657,1658,1659,1660,1661,1662,1663,1664,1665,1666,1667,1668,1669,1670,1671,1672,1673,1675,1676,1677,1678,1682,1683,1686,1687,1688,1691,1692,1693,1694,1697,1698,1699,1700,1701,211,212,213,214,215,216,217,218,219,220,223,224,225,227,228,229,230,231,232,233,236,238,241,242,243,244,246,249,250,252,261,272,273,276,283,288,289,296,297,298,304,348,381,382,383,384,385,386,387,388,389,390,391,392,393,394,395,396,397,398,399,400,401,402,405,406,407,408,409,410,411,413,414,417,419,421,423,424,425,426,430,431,432,434,435,437,438,439,440,441,442,443,444,446,447,449,452,454,455,457,459,461,462,463,465,467,469,471,473,474,475,477,479,481,482,485,487,489,491,492,493,495,497,499,503,505,507,509,510,512,514,516,518,520,523,525,527,529,531,533,535,537,539,541,543,544,546,548,550,552,553,554,556,558,559,565,567,569,571,573,575,577,579,581,583,585,587,591,593,595,597,599,601,602,605,607,609,611,613,615,617,619,620,622,624,626,628,630,632,633,635,637,638,639,641,642,644,646,647,649,650,652,654,656,657,659,661,663,667,669,671,673,674,675,677,86,87,89,90,91,92,93,94,95,96,99
UPDATE 537
UPDATE 161
applied OK
537|698
batch rc=1 (partial failures ok), continuing

>>> batch 3 offset=100 limit=50
[1/50] skip 298 (local key exists)
[7/50] skip 304 (local key exists)
{"ok": 0, "fail": 48, "skip": 2, "n": 50, "workers": 5}
keys_dir=/opt/tnexus/pure_http_keys enable_count=537 ids=100,1211,1213,1215,1219,1221,1223,1225,1227,1229,1231,1233,1235,1237,1239,1241,1243,1245,1247,1249,1251,1253,1255,1257,1259,1261,1262,1263,1267,1269,1271,1273,1275,1277,1279,1281,1283,1285,1287,1289,1291,1293,1295,1297,1299,1300,1301,1302,1303,1304,1305,1306,1307,1308,1309,1310,1311,1312,1313,1314,1315,1316,1317,1318,1319,1320,1321,1322,1323,1324,1325,1327,1330,1332,1335,1336,1338,1340,1342,1343,1356,1358,1360,1362,1364,1365,1366,1367,1368,1369,1370,1371,1372,1373,1374,1375,1376,1377,1378,1379,1380,1381,1382,1383,1384,1385,1386,1387,1388,1389,1390,1392,1393,1394,1395,1396,1398,1400,1402,1404,1406,1408,1410,1412,1414,1416,1418,1420,1422,1424,1426,1427,1428,1429,1430,1431,1432,1433,1434,1435,1436,1439,1441,1443,1444,1445,1447,1449,1451,1453,1455,1457,1461,1463,1464,1467,1468,1469,1470,1471,1472,1473,1481,1482,1483,1487,1490,1492,1493,1494,1495,1496,1497,1504,1505,1506,1507,1508,1509,1510,1511,1512,1514,1515,1516,1517,1518,1519,1520,1521,1522,1523,1524,1525,1526,1527,1528,1529,1530,1531,1532,1533,1534,1535,1536,1537,1565,1566,1567,1568,1570,1571,1573,1574,1575,1576,1577,1592,1593,1594,1595,1596,1597,1598,1599,1600,1601,1602,1603,1604,1605,1606,1608,1610,1612,1613,1614,1616,1617,1618,1619,1620,1621,1622,1623,1624,1625,1626,1628,1629,1630,1631,1632,1633,1634,1635,1636,1637,1638,1639,1640,1641,1642,1643,1645,1646,1647,1648,1649,1650,1651,1652,1653,1654,1655,1656,1657,1658,1659,1660,1661,1662,1663,1664,1665,1666,1667,1668,1669,1670,1671,1672,1673,1675,1676,1677,1678,1682,1683,1686,1687,1688,1691,1692,1693,1694,1697,1698,1699,1700,1701,211,212,213,214,215,216,217,218,219,220,223,224,225,227,228,229,230,231,232,233,236,238,241,242,243,244,246,249,250,252,261,272,273,276,283,288,289,296,297,298,304,348,381,382,383,384,385,386,387,388,389,390,391,392,393,394,395,396,397,398,399,400,401,402,405,406,407,408,409,410,411,413,414,417,419,421,423,424,425,426,430,431,432,434,435,437,438,439,440,441,442,443,444,446,447,449,452,454,455,457,459,461,462,463,465,467,469,471,473,474,475,477,479,481,482,485,487,489,491,492,493,495,497,499,503,505,507,509,510,512,514,516,518,520,523,525,527,529,531,533,535,537,539,541,543,544,546,548,550,552,553,554,556,558,559,565,567,569,571,573,575,577,579,581,583,585,587,591,593,595,597,599,601,602,605,607,609,611,613,615,617,619,620,622,624,626,628,630,632,633,635,637,638,639,641,642,644,646,647,649,650,652,654,656,657,659,661,663,667,669,671,673,674,675,677,86,87,89,90,91,92,93,94,95,96,99
UPDATE 537
UPDATE 161
applied OK
537|698
batch rc=1 (partial failures ok), continuing

>>> batch 4 offset=150 limit=50
[1/50] skip 348 (local key exists)
[34/50] skip 381 (local key exists)
[35/50] skip 382 (local key exists)
[36/50] skip 383 (local key exists)
[37/50] skip 384 (local key exists)
[38/50] skip 385 (local key exists)
[39/50] skip 386 (local key exists)
[40/50] skip 387 (local key exists)
[41/50] skip 388 (local key exists)
[42/50] skip 389 (local key exists)
[43/50] skip 390 (local key exists)
[44/50] skip 391 (local key exists)
[45/50] skip 392 (local key exists)
[46/50] skip 393 (local key exists)
[47/50] skip 394 (local key exists)
[48/50] skip 395 (local key exists)
[49/50] skip 396 (local key exists)
[50/50] skip 397 (local key exists)
{"ok": 0, "fail": 32, "skip": 18, "n": 50, "workers": 5}
keys_dir=/opt/tnexus/pure_http_keys enable_count=537 ids=100,1211,1213,1215,1219,1221,1223,1225,1227,1229,1231,1233,1235,1237,1239,1241,1243,1245,1247,1249,1251,1253,1255,1257,1259,1261,1262,1263,1267,1269,1271,1273,1275,1277,1279,1281,1283,1285,1287,1289,1291,1293,1295,1297,1299,1300,1301,1302,1303,1304,1305,1306,1307,1308,1309,1310,1311,1312,1313,1314,1315,1316,1317,1318,1319,1320,1321,1322,1323,1324,1325,1327,1330,1332,1335,1336,1338,1340,1342,1343,1356,1358,1360,1362,1364,1365,1366,1367,1368,1369,1370,1371,1372,1373,1374,1375,1376,1377,1378,1379,1380,1381,1382,1383,1384,1385,1386,1387,1388,1389,1390,1392,1393,1394,1395,1396,1398,1400,1402,1404,1406,1408,1410,1412,1414,1416,1418,1420,1422,1424,1426,1427,1428,1429,1430,1431,1432,1433,1434,1435,1436,1439,1441,1443,1444,1445,1447,1449,1451,1453,1455,1457,1461,1463,1464,1467,1468,1469,1470,1471,1472,1473,1481,1482,1483,1487,1490,1492,1493,1494,1495,1496,1497,1504,1505,1506,1507,1508,1509,1510,1511,1512,1514,1515,1516,1517,1518,1519,1520,1521,1522,1523,1524,1525,1526,1527,1528,1529,1530,1531,1532,1533,1534,1535,1536,1537,1565,1566,1567,1568,1570,1571,1573,1574,1575,1576,1577,1592,1593,1594,1595,1596,1597,1598,1599,1600,1601,1602,1603,1604,1605,1606,1608,1610,1612,1613,1614,1616,1617,1618,1619,1620,1621,1622,1623,1624,1625,1626,1628,1629,1630,1631,1632,1633,1634,1635,1636,1637,1638,1639,1640,1641,1642,1643,1645,1646,1647,1648,1649,1650,1651,1652,1653,1654,1655,1656,1657,1658,1659,1660,1661,1662,1663,1664,1665,1666,1667,1668,1669,1670,1671,1672,1673,1675,1676,1677,1678,1682,1683,1686,1687,1688,1691,1692,1693,1694,1697,1698,1699,1700,1701,211,212,213,214,215,216,217,218,219,220,223,224,225,227,228,229,230,231,232,233,236,238,241,242,243,244,246,249,250,252,261,272,273,276,283,288,289,296,297,298,304,348,381,382,383,384,385,386,387,388,389,390,391,392,393,394,395,396,397,398,399,400,401,402,405,406,407,408,409,410,411,413,414,417,419,421,423,424,425,426,430,431,432,434,435,437,438,439,440,441,442,443,444,446,447,449,452,454,455,457,459,461,462,463,465,467,469,471,473,474,475,477,479,481,482,485,487,489,491,492,493,495,497,499,503,505,507,509,510,512,514,516,518,520,523,525,527,529,531,533,535,537,539,541,543,544,546,548,550,552,553,554,556,558,559,565,567,569,571,573,575,577,579,581,583,585,587,591,593,595,597,599,601,602,605,607,609,611,613,615,617,619,620,622,624,626,628,630,632,633,635,637,638,639,641,642,644,646,647,649,650,652,654,656,657,659,661,663,667,669,671,673,674,675,677,86,87,89,90,91,92,93,94,95,96,99
UPDATE 537
UPDATE 161
applied OK
537|698
batch rc=1 (partial failures ok), continuing

>>> batch 5 offset=200 limit=50
[1/50] skip 398 (local key exists)
[2/50] skip 399 (local key exists)
[3/50] skip 400 (local key exists)
[4/50] skip 401 (local key exists)
[5/50] skip 402 (local key exists)
[6/50] skip 405 (local key exists)
[7/50] skip 406 (local key exists)
[8/50] skip 407 (local key exists)
[9/50] skip 408 (local key exists)
[10/50] skip 409 (local key exists)
[11/50] skip 410 (local key exists)
[12/50] skip 411 (local key exists)
[13/50] skip 413 (local key exists)
[14/50] skip 414 (local key exists)
[15/50] skip 417 (local key exists)
[16/50] skip 419 (local key exists)
[17/50] skip 421 (local key exists)
[18/50] skip 423 (local key exists)
[19/50] skip 424 (local key exists)
[20/50] skip 425 (local key exists)
[21/50] skip 426 (local key exists)
[22/50] skip 430 (local key exists)
[23/50] skip 431 (local key exists)
[24/50] skip 432 (local key exists)
[25/50] skip 434 (local key exists)
[26/50] skip 435 (local key exists)
[27/50] skip 437 (local key exists)
[28/50] skip 438 (local key exists)
[29/50] skip 439 (local key exists)
[30/50] skip 440 (local key exists)
[31/50] skip 441 (local key exists)
[32/50] skip 442 (local key exists)
[33/50] skip 443 (local key exists)
[34/50] skip 444 (local key exists)
[35/50] skip 446 (local key exists)
[36/50] skip 447 (local key exists)
[37/50] skip 449 (local key exists)
[38/50] skip 452 (local key exists)
[39/50] skip 454 (local key exists)
[40/50] skip 455 (local key exists)
[41/50] skip 457 (local key exists)
[42/50] skip 459 (local key exists)
[43/50] skip 461 (local key exists)
[44/50] skip 462 (local key exists)
[45/50] skip 463 (local key exists)
[46/50] skip 465 (local key exists)
[47/50] skip 467 (local key exists)
[48/50] skip 469 (local key exists)
[49/50] skip 471 (local key exists)
[50/50] skip 473 (local key exists)
{"ok": 0, "fail": 0, "skip": 50, "n": 50}
keys_dir=/opt/tnexus/pure_http_keys enable_count=537 ids=100,1211,1213,1215,1219,1221,1223,1225,1227,1229,1231,1233,1235,1237,1239,1241,1243,1245,1247,1249,1251,1253,1255,1257,1259,1261,1262,1263,1267,1269,1271,1273,1275,1277,1279,1281,1283,1285,1287,1289,1291,1293,1295,1297,1299,1300,1301,1302,1303,1304,1305,1306,1307,1308,1309,1310,1311,1312,1313,1314,1315,1316,1317,1318,1319,1320,1321,1322,1323,1324,1325,1327,1330,1332,1335,1336,1338,1340,1342,1343,1356,1358,1360,1362,1364,1365,1366,1367,1368,1369,1370,1371,1372,1373,1374,1375,1376,1377,1378,1379,1380,1381,1382,1383,1384,1385,1386,1387,1388,1389,1390,1392,1393,1394,1395,1396,1398,1400,1402,1404,1406,1408,1410,1412,1414,1416,1418,1420,1422,1424,1426,1427,1428,1429,1430,1431,1432,1433,1434,1435,1436,1439,1441,1443,1444,1445,1447,1449,1451,1453,1455,1457,1461,1463,1464,1467,1468,1469,1470,1471,1472,1473,1481,1482,1483,1487,1490,1492,1493,1494,1495,1496,1497,1504,1505,1506,1507,1508,1509,1510,1511,1512,1514,1515,1516,1517,1518,1519,1520,1521,1522,1523,1524,1525,1526,1527,1528,1529,1530,1531,1532,1533,1534,1535,1536,1537,1565,1566,1567,1568,1570,1571,1573,1574,1575,1576,1577,1592,1593,1594,1595,1596,1597,1598,1599,1600,1601,1602,1603,1604,1605,1606,1608,1610,1612,1613,1614,1616,1617,1618,1619,1620,1621,1622,1623,1624,1625,1626,1628,1629,1630,1631,1632,1633,1634,1635,1636,1637,1638,1639,1640,1641,1642,1643,1645,1646,1647,1648,1649,1650,1651,1652,1653,1654,1655,1656,1657,1658,1659,1660,1661,1662,1663,1664,1665,1666,1667,1668,1669,1670,1671,1672,1673,1675,1676,1677,1678,1682,1683,1686,1687,1688,1691,1692,1693,1694,1697,1698,1699,1700,1701,211,212,213,214,215,216,217,218,219,220,223,224,225,227,228,229,230,231,232,233,236,238,241,242,243,244,246,249,250,252,261,272,273,276,283,288,289,296,297,298,304,348,381,382,383,384,385,386,387,388,389,390,391,392,393,394,395,396,397,398,399,400,401,402,405,406,407,408,409,410,411,413,414,417,419,421,423,424,425,426,430,431,432,434,435,437,438,439,440,441,442,443,444,446,447,449,452,454,455,457,459,461,462,463,465,467,469,471,473,474,475,477,479,481,482,485,487,489,491,492,493,495,497,499,503,505,507,509,510,512,514,516,518,520,523,525,527,529,531,533,535,537,539,541,543,544,546,548,550,552,553,554,556,558,559,565,567,569,571,573,575,577,579,581,583,585,587,591,593,595,597,599,601,602,605,607,609,611,613,615,617,619,620,622,624,626,628,630,632,633,635,637,638,639,641,642,644,646,647,649,650,652,654,656,657,659,661,663,667,669,671,673,674,675,677,86,87,89,90,91,92,93,94,95,96,99
UPDATE 537
UPDATE 161
applied OK
537|698

>>> batch 6 offset=250 limit=50
[1/50] skip 474 (local key exists)
[2/50] skip 475 (local key exists)
[3/50] skip 477 (local key exists)
[4/50] skip 479 (local key exists)
[5/50] skip 481 (local key exists)
[6/50] skip 482 (local key exists)
[7/50] skip 485 (local key exists)
[8/50] skip 487 (local key exists)
[9/50] skip 489 (local key exists)
[10/50] skip 491 (local key exists)
[11/50] skip 492 (local key exists)
[12/50] skip 493 (local key exists)
[13/50] skip 495 (local key exists)
[14/50] skip 497 (local key exists)
[15/50] skip 499 (local key exists)
[16/50] skip 503 (local key exists)
[17/50] skip 505 (local key exists)
[18/50] skip 507 (local key exists)
[19/50] skip 509 (local key exists)
[20/50] skip 510 (local key exists)
[21/50] skip 512 (local key exists)
[22/50] skip 514 (local key exists)
[23/50] skip 516 (local key exists)
[24/50] skip 518 (local key exists)
[25/50] skip 520 (local key exists)
[26/50] skip 523 (local key exists)
[27/50] skip 525 (local key exists)
[28/50] skip 527 (local key exists)
[29/50] skip 529 (local key exists)
[30/50] skip 531 (local key exists)
[31/50] skip 533 (local key exists)
[32/50] skip 535 (local key exists)
[33/50] skip 537 (local key exists)
[34/50] skip 539 (local key exists)
[35/50] skip 541 (local key exists)
[36/50] skip 543 (local key exists)
[37/50] skip 544 (local key exists)
[38/50] skip 546 (local key exists)
[39/50] skip 548 (local key exists)
[40/50] skip 550 (local key exists)
[41/50] skip 552 (local key exists)
[42/50] skip 553 (local key exists)
[43/50] skip 554 (local key exists)
[44/50] skip 556 (local key exists)
[45/50] skip 558 (local key exists)
[46/50] skip 559 (local key exists)
[47/50] skip 565 (local key exists)
[48/50] skip 567 (local key exists)
[49/50] skip 569 (local key exists)
[50/50] skip 571 (local key exists)
{"ok": 0, "fail": 0, "skip": 50, "n": 50}
keys_dir=/opt/tnexus/pure_http_keys enable_count=537 ids=100,1211,1213,1215,1219,1221,1223,1225,1227,1229,1231,1233,1235,1237,1239,1241,1243,1245,1247,1249,1251,1253,1255,1257,1259,1261,1262,1263,1267,1269,1271,1273,1275,1277,1279,1281,1283,1285,1287,1289,1291,1293,1295,1297,1299,1300,1301,1302,1303,1304,1305,1306,1307,1308,1309,1310,1311,1312,1313,1314,1315,1316,1317,1318,1319,1320,1321,1322,1323,1324,1325,1327,1330,1332,1335,1336,1338,1340,1342,1343,1356,1358,1360,1362,1364,1365,1366,1367,1368,1369,1370,1371,1372,1373,1374,1375,1376,1377,1378,1379,1380,1381,1382,1383,1384,1385,1386,1387,1388,1389,1390,1392,1393,1394,1395,1396,1398,1400,1402,1404,1406,1408,1410,1412,1414,1416,1418,1420,1422,1424,1426,1427,1428,1429,1430,1431,1432,1433,1434,1435,1436,1439,1441,1443,1444,1445,1447,1449,1451,1453,1455,1457,1461,1463,1464,1467,1468,1469,1470,1471,1472,1473,1481,1482,1483,1487,1490,1492,1493,1494,1495,1496,1497,1504,1505,1506,1507,1508,1509,1510,1511,1512,1514,1515,1516,1517,1518,1519,1520,1521,1522,1523,1524,1525,1526,1527,1528,1529,1530,1531,1532,1533,1534,1535,1536,1537,1565,1566,1567,1568,1570,1571,1573,1574,1575,1576,1577,1592,1593,1594,1595,1596,1597,1598,1599,1600,1601,1602,1603,1604,1605,1606,1608,1610,1612,1613,1614,1616,1617,1618,1619,1620,1621,1622,1623,1624,1625,1626,1628,1629,1630,1631,1632,1633,1634,1635,1636,1637,1638,1639,1640,1641,1642,1643,1645,1646,1647,1648,1649,1650,1651,1652,1653,1654,1655,1656,1657,1658,1659,1660,1661,1662,1663,1664,1665,1666,1667,1668,1669,1670,1671,1672,1673,1675,1676,1677,1678,1682,1683,1686,1687,1688,1691,1692,1693,1694,1697,1698,1699,1700,1701,211,212,213,214,215,216,217,218,219,220,223,224,225,227,228,229,230,231,232,233,236,238,241,242,243,244,246,249,250,252,261,272,273,276,283,288,289,296,297,298,304,348,381,382,383,384,385,386,387,388,389,390,391,392,393,394,395,396,397,398,399,400,401,402,405,406,407,408,409,410,411,413,414,417,419,421,423,424,425,426,430,431,432,434,435,437,438,439,440,441,442,443,444,446,447,449,452,454,455,457,459,461,462,463,465,467,469,471,473,474,475,477,479,481,482,485,487,489,491,492,493,495,497,499,503,505,507,509,510,512,514,516,518,520,523,525,527,529,531,533,535,537,539,541,543,544,546,548,550,552,553,554,556,558,559,565,567,569,571,573,575,577,579,581,583,585,587,591,593,595,597,599,601,602,605,607,609,611,613,615,617,619,620,622,624,626,628,630,632,633,635,637,638,639,641,642,644,646,647,649,650,652,654,656,657,659,661,663,667,669,671,673,674,675,677,86,87,89,90,91,92,93,94,95,96,99
UPDATE 537
UPDATE 161
applied OK
537|698

>>> batch 7 offset=300 limit=50
[1/50] skip 573 (local key exists)
[2/50] skip 575 (local key exists)
[3/50] skip 577 (local key exists)
[4/50] skip 579 (local key exists)
[5/50] skip 581 (local key exists)
[6/50] skip 583 (local key exists)
[7/50] skip 585 (local key exists)
[8/50] skip 587 (local key exists)
[10/50] skip 591 (local key exists)
[11/50] skip 593 (local key exists)
[12/50] skip 595 (local key exists)
[13/50] skip 597 (local key exists)
[14/50] skip 599 (local key exists)
[15/50] skip 601 (local key exists)
[16/50] skip 602 (local key exists)
[17/50] skip 605 (local key exists)
[18/50] skip 607 (local key exists)
[19/50] skip 609 (local key exists)
[20/50] skip 611 (local key exists)
[21/50] skip 613 (local key exists)
[22/50] skip 615 (local key exists)
[23/50] skip 617 (local key exists)
[24/50] skip 619 (local key exists)
[25/50] skip 620 (local key exists)
[26/50] skip 622 (local key exists)
[27/50] skip 624 (local key exists)
[28/50] skip 626 (local key exists)
[29/50] skip 628 (local key exists)
[30/50] skip 630 (local key exists)
[31/50] skip 632 (local key exists)
[32/50] skip 633 (local key exists)
[33/50] skip 635 (local key exists)
[34/50] skip 637 (local key exists)
[35/50] skip 638 (local key exists)
[36/50] skip 639 (local key exists)
[37/50] skip 641 (local key exists)
[38/50] skip 642 (local key exists)
[39/50] skip 644 (local key exists)
[40/50] skip 646 (local key exists)
[41/50] skip 647 (local key exists)
[42/50] skip 649 (local key exists)
[43/50] skip 650 (local key exists)
[44/50] skip 652 (local key exists)
[45/50] skip 654 (local key exists)
[46/50] skip 656 (local key exists)
[47/50] skip 657 (local key exists)
[48/50] skip 659 (local key exists)
[49/50] skip 661 (local key exists)
[50/50] skip 663 (local key exists)
{"ok": 0, "fail": 1, "skip": 49, "n": 50, "workers": 5}
keys_dir=/opt/tnexus/pure_http_keys enable_count=537 ids=100,1211,1213,1215,1219,1221,1223,1225,1227,1229,1231,1233,1235,1237,1239,1241,1243,1245,1247,1249,1251,1253,1255,1257,1259,1261,1262,1263,1267,1269,1271,1273,1275,1277,1279,1281,1283,1285,1287,1289,1291,1293,1295,1297,1299,1300,1301,1302,1303,1304,1305,1306,1307,1308,1309,1310,1311,1312,1313,1314,1315,1316,1317,1318,1319,1320,1321,1322,1323,1324,1325,1327,1330,1332,1335,1336,1338,1340,1342,1343,1356,1358,1360,1362,1364,1365,1366,1367,1368,1369,1370,1371,1372,1373,1374,1375,1376,1377,1378,1379,1380,1381,1382,1383,1384,1385,1386,1387,1388,1389,1390,1392,1393,1394,1395,1396,1398,1400,1402,1404,1406,1408,1410,1412,1414,1416,1418,1420,1422,1424,1426,1427,1428,1429,1430,1431,1432,1433,1434,1435,1436,1439,1441,1443,1444,1445,1447,1449,1451,1453,1455,1457,1461,1463,1464,1467,1468,1469,1470,1471,1472,1473,1481,1482,1483,1487,1490,1492,1493,1494,1495,1496,1497,1504,1505,1506,1507,1508,1509,1510,1511,1512,1514,1515,1516,1517,1518,1519,1520,1521,1522,1523,1524,1525,1526,1527,1528,1529,1530,1531,1532,1533,1534,1535,1536,1537,1565,1566,1567,1568,1570,1571,1573,1574,1575,1576,1577,1592,1593,1594,1595,1596,1597,1598,1599,1600,1601,1602,1603,1604,1605,1606,1608,1610,1612,1613,1614,1616,1617,1618,1619,1620,1621,1622,1623,1624,1625,1626,1628,1629,1630,1631,1632,1633,1634,1635,1636,1637,1638,1639,1640,1641,1642,1643,1645,1646,1647,1648,1649,1650,1651,1652,1653,1654,1655,1656,1657,1658,1659,1660,1661,1662,1663,1664,1665,1666,1667,1668,1669,1670,1671,1672,1673,1675,1676,1677,1678,1682,1683,1686,1687,1688,1691,1692,1693,1694,1697,1698,1699,1700,1701,211,212,213,214,215,216,217,218,219,220,223,224,225,227,228,229,230,231,232,233,236,238,241,242,243,244,246,249,250,252,261,272,273,276,283,288,289,296,297,298,304,348,381,382,383,384,385,386,387,388,389,390,391,392,393,394,395,396,397,398,399,400,401,402,405,406,407,408,409,410,411,413,414,417,419,421,423,424,425,426,430,431,432,434,435,437,438,439,440,441,442,443,444,446,447,449,452,454,455,457,459,461,462,463,465,467,469,471,473,474,475,477,479,481,482,485,487,489,491,492,493,495,497,499,503,505,507,509,510,512,514,516,518,520,523,525,527,529,531,533,535,537,539,541,543,544,546,548,550,552,553,554,556,558,559,565,567,569,571,573,575,577,579,581,583,585,587,591,593,595,597,599,601,602,605,607,609,611,613,615,617,619,620,622,624,626,628,630,632,633,635,637,638,639,641,642,644,646,647,649,650,652,654,656,657,659,661,663,667,669,671,673,674,675,677,86,87,89,90,91,92,93,94,95,96,99
UPDATE 537
UPDATE 161
applied OK
537|698
batch rc=1 (partial failures ok), continuing

>>> batch 8 offset=350 limit=50
[1/50] skip 667 (local key exists)
[2/50] skip 669 (local key exists)
[3/50] skip 671 (local key exists)
[4/50] skip 673 (local key exists)
[5/50] skip 674 (local key exists)
[6/50] skip 675 (local key exists)
[7/50] skip 677 (local key exists)
[8/50] skip 1211 (local key exists)
[9/50] skip 1213 (local key exists)
[10/50] skip 1215 (local key exists)
[12/50] skip 1219 (local key exists)
[13/50] skip 1221 (local key exists)
[14/50] skip 1223 (local key exists)
[15/50] skip 1225 (local key exists)
[16/50] skip 1227 (local key exists)
[17/50] skip 1229 (local key exists)
[18/50] skip 1231 (local key exists)
[19/50] skip 1233 (local key exists)
[20/50] skip 1235 (local key exists)
[21/50] skip 1237 (local key exists)
[22/50] skip 1239 (local key exists)
[23/50] skip 1241 (local key exists)
[24/50] skip 1243 (local key exists)
[25/50] skip 1245 (local key exists)
[26/50] skip 1247 (local key exists)
[27/50] skip 1249 (local key exists)
[28/50] skip 1251 (local key exists)
[29/50] skip 1253 (local key exists)
[30/50] skip 1255 (local key exists)
[31/50] skip 1257 (local key exists)
[32/50] skip 1259 (local key exists)
[33/50] skip 1261 (local key exists)
[34/50] skip 1262 (local key exists)
[35/50] skip 1263 (local key exists)
[36/50] skip 1267 (local key exists)
[37/50] skip 1269 (local key exists)
[38/50] skip 1271 (local key exists)
[39/50] skip 1273 (local key exists)
[40/50] skip 1275 (local key exists)
[41/50] skip 1277 (local key exists)
[42/50] skip 1279 (local key exists)
[43/50] skip 1281 (local key exists)
[44/50] skip 1283 (local key exists)
[45/50] skip 1285 (local key exists)
[46/50] skip 1287 (local key exists)
[47/50] skip 1289 (local key exists)
[48/50] skip 1291 (local key exists)
[49/50] skip 1293 (local key exists)
[50/50] skip 1295 (local key exists)
{"ok": 0, "fail": 1, "skip": 49, "n": 50, "workers": 5}
keys_dir=/opt/tnexus/pure_http_keys enable_count=537 ids=100,1211,1213,1215,1219,1221,1223,1225,1227,1229,1231,1233,1235,1237,1239,1241,1243,1245,1247,1249,1251,1253,1255,1257,1259,1261,1262,1263,1267,1269,1271,1273,1275,1277,1279,1281,1283,1285,1287,1289,1291,1293,1295,1297,1299,1300,1301,1302,1303,1304,1305,1306,1307,1308,1309,1310,1311,1312,1313,1314,1315,1316,1317,1318,1319,1320,1321,1322,1323,1324,1325,1327,1330,1332,1335,1336,1338,1340,1342,1343,1356,1358,1360,1362,1364,1365,1366,1367,1368,1369,1370,1371,1372,1373,1374,1375,1376,1377,1378,1379,1380,1381,1382,1383,1384,1385,1386,1387,1388,1389,1390,1392,1393,1394,1395,1396,1398,1400,1402,1404,1406,1408,1410,1412,1414,1416,1418,1420,1422,1424,1426,1427,1428,1429,1430,1431,1432,1433,1434,1435,1436,1439,1441,1443,1444,1445,1447,1449,1451,1453,1455,1457,1461,1463,1464,1467,1468,1469,1470,1471,1472,1473,1481,1482,1483,1487,1490,1492,1493,1494,1495,1496,1497,1504,1505,1506,1507,1508,1509,1510,1511,1512,1514,1515,1516,1517,1518,1519,1520,1521,1522,1523,1524,1525,1526,1527,1528,1529,1530,1531,1532,1533,1534,1535,1536,1537,1565,1566,1567,1568,1570,1571,1573,1574,1575,1576,1577,1592,1593,1594,1595,1596,1597,1598,1599,1600,1601,1602,1603,1604,1605,1606,1608,1610,1612,1613,1614,1616,1617,1618,1619,1620,1621,1622,1623,1624,1625,1626,1628,1629,1630,1631,1632,1633,1634,1635,1636,1637,1638,1639,1640,1641,1642,1643,1645,1646,1647,1648,1649,1650,1651,1652,1653,1654,1655,1656,1657,1658,1659,1660,1661,1662,1663,1664,1665,1666,1667,1668,1669,1670,1671,1672,1673,1675,1676,1677,1678,1682,1683,1686,1687,1688,1691,1692,1693,1694,1697,1698,1699,1700,1701,211,212,213,214,215,216,217,218,219,220,223,224,225,227,228,229,230,231,232,233,236,238,241,242,243,244,246,249,250,252,261,272,273,276,283,288,289,296,297,298,304,348,381,382,383,384,385,386,387,388,389,390,391,392,393,394,395,396,397,398,399,400,401,402,405,406,407,408,409,410,411,413,414,417,419,421,423,424,425,426,430,431,432,434,435,437,438,439,440,441,442,443,444,446,447,449,452,454,455,457,459,461,462,463,465,467,469,471,473,474,475,477,479,481,482,485,487,489,491,492,493,495,497,499,503,505,507,509,510,512,514,516,518,520,523,525,527,529,531,533,535,537,539,541,543,544,546,548,550,552,553,554,556,558,559,565,567,569,571,573,575,577,579,581,583,585,587,591,593,595,597,599,601,602,605,607,609,611,613,615,617,619,620,622,624,626,628,630,632,633,635,637,638,639,641,642,644,646,647,649,650,652,654,656,657,659,661,663,667,669,671,673,674,675,677,86,87,89,90,91,92,93,94,95,96,99
UPDATE 537
UPDATE 161
applied OK
537|698
batch rc=1 (partial failures ok), continuing

>>> batch 9 offset=400 limit=50
[1/50] skip 1297 (local key exists)
[2/50] skip 1299 (local key exists)
[3/50] skip 1300 (local key exists)
[4/50] skip 1301 (local key exists)
[5/50] skip 1302 (local key exists)
[6/50] skip 1303 (local key exists)
[7/50] skip 1304 (local key exists)
[8/50] skip 1305 (local key exists)
[9/50] skip 1306 (local key exists)
[10/50] skip 1307 (local key exists)
[11/50] skip 1308 (local key exists)
[12/50] skip 1309 (local key exists)
[13/50] skip 1310 (local key exists)
[14/50] skip 1311 (local key exists)
[15/50] skip 1312 (local key exists)
[16/50] skip 1313 (local key exists)
[17/50] skip 1314 (local key exists)
[18/50] skip 1315 (local key exists)
[19/50] skip 1316 (local key exists)
[20/50] skip 1317 (local key exists)
[21/50] skip 1318 (local key exists)
[22/50] skip 1319 (local key exists)
[23/50] skip 1320 (local key exists)
[24/50] skip 1321 (local key exists)
[25/50] skip 1322 (local key exists)
[26/50] skip 1323 (local key exists)
[27/50] skip 1324 (local key exists)
[28/50] skip 1325 (local key exists)
[29/50] skip 1327 (local key exists)
[31/50] skip 1330 (local key exists)
[32/50] skip 1332 (local key exists)
[34/50] skip 1335 (local key exists)
[35/50] skip 1336 (local key exists)
[36/50] skip 1338 (local key exists)
[37/50] skip 1340 (local key exists)
[38/50] skip 1342 (local key exists)
[39/50] skip 1343 (local key exists)
[46/50] skip 1356 (local key exists)
[47/50] skip 1358 (local key exists)
[48/50] skip 1360 (local key exists)
[49/50] skip 1362 (local key exists)
[50/50] skip 1364 (local key exists)
{"ok": 0, "fail": 8, "skip": 42, "n": 50, "workers": 5}
keys_dir=/opt/tnexus/pure_http_keys enable_count=537 ids=100,1211,1213,1215,1219,1221,1223,1225,1227,1229,1231,1233,1235,1237,1239,1241,1243,1245,1247,1249,1251,1253,1255,1257,1259,1261,1262,1263,1267,1269,1271,1273,1275,1277,1279,1281,1283,1285,1287,1289,1291,1293,1295,1297,1299,1300,1301,1302,1303,1304,1305,1306,1307,1308,1309,1310,1311,1312,1313,1314,1315,1316,1317,1318,1319,1320,1321,1322,1323,1324,1325,1327,1330,1332,1335,1336,1338,1340,1342,1343,1356,1358,1360,1362,1364,1365,1366,1367,1368,1369,1370,1371,1372,1373,1374,1375,1376,1377,1378,1379,1380,1381,1382,1383,1384,1385,1386,1387,1388,1389,1390,1392,1393,1394,1395,1396,1398,1400,1402,1404,1406,1408,1410,1412,1414,1416,1418,1420,1422,1424,1426,1427,1428,1429,1430,1431,1432,1433,1434,1435,1436,1439,1441,1443,1444,1445,1447,1449,1451,1453,1455,1457,1461,1463,1464,1467,1468,1469,1470,1471,1472,1473,1481,1482,1483,1487,1490,1492,1493,1494,1495,1496,1497,1504,1505,1506,1507,1508,1509,1510,1511,1512,1514,1515,1516,1517,1518,1519,1520,1521,1522,1523,1524,1525,1526,1527,1528,1529,1530,1531,1532,1533,1534,1535,1536,1537,1565,1566,1567,1568,1570,1571,1573,1574,1575,1576,1577,1592,1593,1594,1595,1596,1597,1598,1599,1600,1601,1602,1603,1604,1605,1606,1608,1610,1612,1613,1614,1616,1617,1618,1619,1620,1621,1622,1623,1624,1625,1626,1628,1629,1630,1631,1632,1633,1634,1635,1636,1637,1638,1639,1640,1641,1642,1643,1645,1646,1647,1648,1649,1650,1651,1652,1653,1654,1655,1656,1657,1658,1659,1660,1661,1662,1663,1664,1665,1666,1667,1668,1669,1670,1671,1672,1673,1675,1676,1677,1678,1682,1683,1686,1687,1688,1691,1692,1693,1694,1697,1698,1699,1700,1701,211,212,213,214,215,216,217,218,219,220,223,224,225,227,228,229,230,231,232,233,236,238,241,242,243,244,246,249,250,252,261,272,273,276,283,288,289,296,297,298,304,348,381,382,383,384,385,386,387,388,389,390,391,392,393,394,395,396,397,398,399,400,401,402,405,406,407,408,409,410,411,413,414,417,419,421,423,424,425,426,430,431,432,434,435,437,438,439,440,441,442,443,444,446,447,449,452,454,455,457,459,461,462,463,465,467,469,471,473,474,475,477,479,481,482,485,487,489,491,492,493,495,497,499,503,505,507,509,510,512,514,516,518,520,523,525,527,529,531,533,535,537,539,541,543,544,546,548,550,552,553,554,556,558,559,565,567,569,571,573,575,577,579,581,583,585,587,591,593,595,597,599,601,602,605,607,609,611,613,615,617,619,620,622,624,626,628,630,632,633,635,637,638,639,641,642,644,646,647,649,650,652,654,656,657,659,661,663,667,669,671,673,674,675,677,86,87,89,90,91,92,93,94,95,96,99
UPDATE 537
UPDATE 161
applied OK
537|698
batch rc=1 (partial failures ok), continuing

>>> batch 10 offset=450 limit=50
[1/50] skip 1365 (local key exists)
[2/50] skip 1366 (local key exists)
[3/50] skip 1367 (local key exists)
[4/50] skip 1368 (local key exists)
[5/50] skip 1369 (local key exists)
[6/50] skip 1370 (local key exists)
[7/50] skip 1371 (local key exists)
[8/50] skip 1372 (local key exists)
[9/50] skip 1373 (local key exists)
[10/50] skip 1374 (local key exists)
[11/50] skip 1375 (local key exists)
[12/50] skip 1376 (local key exists)
[13/50] skip 1377 (local key exists)
[14/50] skip 1378 (local key exists)
[15/50] skip 1379 (local key exists)
[16/50] skip 1380 (local key exists)
[17/50] skip 1381 (local key exists)
[18/50] skip 1382 (local key exists)
[19/50] skip 1383 (local key exists)
[20/50] skip 1384 (local key exists)
[21/50] skip 1385 (local key exists)
[22/50] skip 1386 (local key exists)
[23/50] skip 1387 (local key exists)
[24/50] skip 1388 (local key exists)
[25/50] skip 1389 (local key exists)
[26/50] skip 1390 (local key exists)
[28/50] skip 1392 (local key exists)
[29/50] skip 1393 (local key exists)
[30/50] skip 1394 (local key exists)
[31/50] skip 1395 (local key exists)
[32/50] skip 1396 (local key exists)
[33/50] skip 1398 (local key exists)
[34/50] skip 1400 (local key exists)
[35/50] skip 1402 (local key exists)
[36/50] skip 1404 (local key exists)
[37/50] skip 1406 (local key exists)
[38/50] skip 1408 (local key exists)
[39/50] skip 1410 (local key exists)
[40/50] skip 1412 (local key exists)
[41/50] skip 1414 (local key exists)
[42/50] skip 1416 (local key exists)
[43/50] skip 1418 (local key exists)
[44/50] skip 1420 (local key exists)
[45/50] skip 1422 (local key exists)
[46/50] skip 1424 (local key exists)
[47/50] skip 1426 (local key exists)
[48/50] skip 1427 (local key exists)
[49/50] skip 1428 (local key exists)
[50/50] skip 1429 (local key exists)
{"ok": 0, "fail": 1, "skip": 49, "n": 50, "workers": 5}
keys_dir=/opt/tnexus/pure_http_keys enable_count=537 ids=100,1211,1213,1215,1219,1221,1223,1225,1227,1229,1231,1233,1235,1237,1239,1241,1243,1245,1247,1249,1251,1253,1255,1257,1259,1261,1262,1263,1267,1269,1271,1273,1275,1277,1279,1281,1283,1285,1287,1289,1291,1293,1295,1297,1299,1300,1301,1302,1303,1304,1305,1306,1307,1308,1309,1310,1311,1312,1313,1314,1315,1316,1317,1318,1319,1320,1321,1322,1323,1324,1325,1327,1330,1332,1335,1336,1338,1340,1342,1343,1356,1358,1360,1362,1364,1365,1366,1367,1368,1369,1370,1371,1372,1373,1374,1375,1376,1377,1378,1379,1380,1381,1382,1383,1384,1385,1386,1387,1388,1389,1390,1392,1393,1394,1395,1396,1398,1400,1402,1404,1406,1408,1410,1412,1414,1416,1418,1420,1422,1424,1426,1427,1428,1429,1430,1431,1432,1433,1434,1435,1436,1439,1441,1443,1444,1445,1447,1449,1451,1453,1455,1457,1461,1463,1464,1467,1468,1469,1470,1471,1472,1473,1481,1482,1483,1487,1490,1492,1493,1494,1495,1496,1497,1504,1505,1506,1507,1508,1509,1510,1511,1512,1514,1515,1516,1517,1518,1519,1520,1521,1522,1523,1524,1525,1526,1527,1528,1529,1530,1531,1532,1533,1534,1535,1536,1537,1565,1566,1567,1568,1570,1571,1573,1574,1575,1576,1577,1592,1593,1594,1595,1596,1597,1598,1599,1600,1601,1602,1603,1604,1605,1606,1608,1610,1612,1613,1614,1616,1617,1618,1619,1620,1621,1622,1623,1624,1625,1626,1628,1629,1630,1631,1632,1633,1634,1635,1636,1637,1638,1639,1640,1641,1642,1643,1645,1646,1647,1648,1649,1650,1651,1652,1653,1654,1655,1656,1657,1658,1659,1660,1661,1662,1663,1664,1665,1666,1667,1668,1669,1670,1671,1672,1673,1675,1676,1677,1678,1682,1683,1686,1687,1688,1691,1692,1693,1694,1697,1698,1699,1700,1701,211,212,213,214,215,216,217,218,219,220,223,224,225,227,228,229,230,231,232,233,236,238,241,242,243,244,246,249,250,252,261,272,273,276,283,288,289,296,297,298,304,348,381,382,383,384,385,386,387,388,389,390,391,392,393,394,395,396,397,398,399,400,401,402,405,406,407,408,409,410,411,413,414,417,419,421,423,424,425,426,430,431,432,434,435,437,438,439,440,441,442,443,444,446,447,449,452,454,455,457,459,461,462,463,465,467,469,471,473,474,475,477,479,481,482,485,487,489,491,492,493,495,497,499,503,505,507,509,510,512,514,516,518,520,523,525,527,529,531,533,535,537,539,541,543,544,546,548,550,552,553,554,556,558,559,565,567,569,571,573,575,577,579,581,583,585,587,591,593,595,597,599,601,602,605,607,609,611,613,615,617,619,620,622,624,626,628,630,632,633,635,637,638,639,641,642,644,646,647,649,650,652,654,656,657,659,661,663,667,669,671,673,674,675,677,86,87,89,90,91,92,93,94,95,96,99
UPDATE 537
UPDATE 161
applied OK
537|698
batch rc=1 (partial failures ok), continuing

>>> batch 11 offset=500 limit=50
[1/50] skip 1430 (local key exists)
[2/50] skip 1431 (local key exists)
[3/50] skip 1432 (local key exists)
[4/50] skip 1433 (local key exists)
[5/50] skip 1434 (local key exists)
[6/50] skip 1435 (local key exists)
[7/50] skip 1436 (local key exists)
[8/50] skip 1439 (local key exists)
[9/50] skip 1441 (local key exists)
[10/50] skip 1443 (local key exists)
[11/50] skip 1444 (local key exists)
[12/50] skip 1445 (local key exists)
[13/50] skip 1447 (local key exists)
[14/50] skip 1449 (local key exists)
[15/50] skip 1451 (local key exists)
[16/50] skip 1453 (local key exists)
[17/50] skip 1455 (local key exists)
[18/50] skip 1457 (local key exists)
[20/50] skip 1461 (local key exists)
[21/50] skip 1463 (local key exists)
[22/50] skip 1464 (local key exists)
[23/50] skip 1467 (local key exists)
[24/50] skip 1468 (local key exists)
[25/50] skip 1469 (local key exists)
[26/50] skip 1470 (local key exists)
[27/50] skip 1471 (local key exists)
[28/50] skip 1472 (local key exists)
[29/50] skip 1473 (local key exists)
[30/50] skip 1481 (local key exists)
[31/50] skip 1482 (local key exists)
[32/50] skip 1483 (local key exists)
[33/50] skip 1487 (local key exists)
[34/50] skip 1490 (local key exists)
[35/50] skip 1492 (local key exists)
[36/50] skip 1493 (local key exists)
[37/50] skip 1494 (local key exists)
[38/50] skip 1495 (local key exists)
[39/50] skip 1496 (local key exists)
[40/50] skip 1497 (local key exists)
[41/50] skip 1504 (local key exists)
[42/50] skip 1505 (local key exists)
[43/50] skip 1506 (local key exists)
[44/50] skip 1507 (local key exists)
[45/50] skip 1508 (local key exists)
[46/50] skip 1509 (local key exists)
[47/50] skip 1510 (local key exists)
[48/50] skip 1511 (local key exists)
[49/50] skip 1512 (local key exists)
{"ok": 0, "fail": 2, "skip": 48, "n": 50, "workers": 5}
keys_dir=/opt/tnexus/pure_http_keys enable_count=537 ids=100,1211,1213,1215,1219,1221,1223,1225,1227,1229,1231,1233,1235,1237,1239,1241,1243,1245,1247,1249,1251,1253,1255,1257,1259,1261,1262,1263,1267,1269,1271,1273,1275,1277,1279,1281,1283,1285,1287,1289,1291,1293,1295,1297,1299,1300,1301,1302,1303,1304,1305,1306,1307,1308,1309,1310,1311,1312,1313,1314,1315,1316,1317,1318,1319,1320,1321,1322,1323,1324,1325,1327,1330,1332,1335,1336,1338,1340,1342,1343,1356,1358,1360,1362,1364,1365,1366,1367,1368,1369,1370,1371,1372,1373,1374,1375,1376,1377,1378,1379,1380,1381,1382,1383,1384,1385,1386,1387,1388,1389,1390,1392,1393,1394,1395,1396,1398,1400,1402,1404,1406,1408,1410,1412,1414,1416,1418,1420,1422,1424,1426,1427,1428,1429,1430,1431,1432,1433,1434,1435,1436,1439,1441,1443,1444,1445,1447,1449,1451,1453,1455,1457,1461,1463,1464,1467,1468,1469,1470,1471,1472,1473,1481,1482,1483,1487,1490,1492,1493,1494,1495,1496,1497,1504,1505,1506,1507,1508,1509,1510,1511,1512,1514,1515,1516,1517,1518,1519,1520,1521,1522,1523,1524,1525,1526,1527,1528,1529,1530,1531,1532,1533,1534,1535,1536,1537,1565,1566,1567,1568,1570,1571,1573,1574,1575,1576,1577,1592,1593,1594,1595,1596,1597,1598,1599,1600,1601,1602,1603,1604,1605,1606,1608,1610,1612,1613,1614,1616,1617,1618,1619,1620,1621,1622,1623,1624,1625,1626,1628,1629,1630,1631,1632,1633,1634,1635,1636,1637,1638,1639,1640,1641,1642,1643,1645,1646,1647,1648,1649,1650,1651,1652,1653,1654,1655,1656,1657,1658,1659,1660,1661,1662,1663,1664,1665,1666,1667,1668,1669,1670,1671,1672,1673,1675,1676,1677,1678,1682,1683,1686,1687,1688,1691,1692,1693,1694,1697,1698,1699,1700,1701,211,212,213,214,215,216,217,218,219,220,223,224,225,227,228,229,230,231,232,233,236,238,241,242,243,244,246,249,250,252,261,272,273,276,283,288,289,296,297,298,304,348,381,382,383,384,385,386,387,388,389,390,391,392,393,394,395,396,397,398,399,400,401,402,405,406,407,408,409,410,411,413,414,417,419,421,423,424,425,426,430,431,432,434,435,437,438,439,440,441,442,443,444,446,447,449,452,454,455,457,459,461,462,463,465,467,469,471,473,474,475,477,479,481,482,485,487,489,491,492,493,495,497,499,503,505,507,509,510,512,514,516,518,520,523,525,527,529,531,533,535,537,539,541,543,544,546,548,550,552,553,554,556,558,559,565,567,569,571,573,575,577,579,581,583,585,587,591,593,595,597,599,601,602,605,607,609,611,613,615,617,619,620,622,624,626,628,630,632,633,635,637,638,639,641,642,644,646,647,649,650,652,654,656,657,659,661,663,667,669,671,673,674,675,677,86,87,89,90,91,92,93,94,95,96,99
UPDATE 537
UPDATE 161
applied OK
537|698
batch rc=1 (partial failures ok), continuing

>>> batch 12 offset=550 limit=50
[1/50] skip 1514 (local key exists)
[2/50] skip 1515 (local key exists)
[3/50] skip 1516 (local key exists)
[4/50] skip 1517 (local key exists)
[5/50] skip 1518 (local key exists)
[6/50] skip 1519 (local key exists)
[7/50] skip 1520 (local key exists)
[8/50] skip 1521 (local key exists)
[9/50] skip 1522 (local key exists)
[10/50] skip 1523 (local key exists)
[11/50] skip 1524 (local key exists)
[12/50] skip 1525 (local key exists)
[13/50] skip 1526 (local key exists)
[14/50] skip 1527 (local key exists)
[15/50] skip 1528 (local key exists)
[16/50] skip 1529 (local key exists)
[17/50] skip 1530 (local key exists)
[18/50] skip 1531 (local key exists)
[19/50] skip 1532 (local key exists)
[20/50] skip 1533 (local key exists)
[21/50] skip 1534 (local key exists)
[22/50] skip 1535 (local key exists)
[23/50] skip 1536 (local key exists)
[24/50] skip 1537 (local key exists)
[26/50] skip 1565 (local key exists)
[27/50] skip 1566 (local key exists)
[28/50] skip 1567 (local key exists)
[29/50] skip 1568 (local key exists)
[31/50] skip 1570 (local key exists)
[32/50] skip 1571 (local key exists)
[34/50] skip 1573 (local key exists)
[35/50] skip 1574 (local key exists)
[36/50] skip 1575 (local key exists)
[37/50] skip 1576 (local key exists)
[38/50] skip 1577 (local key exists)
[39/50] skip 1592 (local key exists)
[40/50] skip 1593 (local key exists)
[41/50] skip 1594 (local key exists)
[42/50] skip 1595 (local key exists)
[43/50] skip 1596 (local key exists)
[44/50] skip 1597 (local key exists)
[45/50] skip 1598 (local key exists)
[46/50] skip 1599 (local key exists)
[47/50] skip 1600 (local key exists)
[48/50] skip 1601 (local key exists)
[49/50] skip 1602 (local key exists)
[50/50] skip 1603 (local key exists)
{"ok": 0, "fail": 3, "skip": 47, "n": 50, "workers": 5}
keys_dir=/opt/tnexus/pure_http_keys enable_count=537 ids=100,1211,1213,1215,1219,1221,1223,1225,1227,1229,1231,1233,1235,1237,1239,1241,1243,1245,1247,1249,1251,1253,1255,1257,1259,1261,1262,1263,1267,1269,1271,1273,1275,1277,1279,1281,1283,1285,1287,1289,1291,1293,1295,1297,1299,1300,1301,1302,1303,1304,1305,1306,1307,1308,1309,1310,1311,1312,1313,1314,1315,1316,1317,1318,1319,1320,1321,1322,1323,1324,1325,1327,1330,1332,1335,1336,1338,1340,1342,1343,1356,1358,1360,1362,1364,1365,1366,1367,1368,1369,1370,1371,1372,1373,1374,1375,1376,1377,1378,1379,1380,1381,1382,1383,1384,1385,1386,1387,1388,1389,1390,1392,1393,1394,1395,1396,1398,1400,1402,1404,1406,1408,1410,1412,1414,1416,1418,1420,1422,1424,1426,1427,1428,1429,1430,1431,1432,1433,1434,1435,1436,1439,1441,1443,1444,1445,1447,1449,1451,1453,1455,1457,1461,1463,1464,1467,1468,1469,1470,1471,1472,1473,1481,1482,1483,1487,1490,1492,1493,1494,1495,1496,1497,1504,1505,1506,1507,1508,1509,1510,1511,1512,1514,1515,1516,1517,1518,1519,1520,1521,1522,1523,1524,1525,1526,1527,1528,1529,1530,1531,1532,1533,1534,1535,1536,1537,1565,1566,1567,1568,1570,1571,1573,1574,1575,1576,1577,1592,1593,1594,1595,1596,1597,1598,1599,1600,1601,1602,1603,1604,1605,1606,1608,1610,1612,1613,1614,1616,1617,1618,1619,1620,1621,1622,1623,1624,1625,1626,1628,1629,1630,1631,1632,1633,1634,1635,1636,1637,1638,1639,1640,1641,1642,1643,1645,1646,1647,1648,1649,1650,1651,1652,1653,1654,1655,1656,1657,1658,1659,1660,1661,1662,1663,1664,1665,1666,1667,1668,1669,1670,1671,1672,1673,1675,1676,1677,1678,1682,1683,1686,1687,1688,1691,1692,1693,1694,1697,1698,1699,1700,1701,211,212,213,214,215,216,217,218,219,220,223,224,225,227,228,229,230,231,232,233,236,238,241,242,243,244,246,249,250,252,261,272,273,276,283,288,289,296,297,298,304,348,381,382,383,384,385,386,387,388,389,390,391,392,393,394,395,396,397,398,399,400,401,402,405,406,407,408,409,410,411,413,414,417,419,421,423,424,425,426,430,431,432,434,435,437,438,439,440,441,442,443,444,446,447,449,452,454,455,457,459,461,462,463,465,467,469,471,473,474,475,477,479,481,482,485,487,489,491,492,493,495,497,499,503,505,507,509,510,512,514,516,518,520,523,525,527,529,531,533,535,537,539,541,543,544,546,548,550,552,553,554,556,558,559,565,567,569,571,573,575,577,579,581,583,585,587,591,593,595,597,599,601,602,605,607,609,611,613,615,617,619,620,622,624,626,628,630,632,633,635,637,638,639,641,642,644,646,647,649,650,652,654,656,657,659,661,663,667,669,671,673,674,675,677,86,87,89,90,91,92,93,94,95,96,99
UPDATE 537
UPDATE 161
applied OK
537|698
batch rc=1 (partial failures ok), continuing

>>> batch 13 offset=600 limit=50
[1/50] skip 1604 (local key exists)
[2/50] skip 1605 (local key exists)
[3/50] skip 1606 (local key exists)
[5/50] skip 1608 (local key exists)
[7/50] skip 1610 (local key exists)
[9/50] skip 1612 (local key exists)
[10/50] skip 1613 (local key exists)
[11/50] skip 1614 (local key exists)
[13/50] skip 1616 (local key exists)
[14/50] skip 1617 (local key exists)
[15/50] skip 1618 (local key exists)
[16/50] skip 1619 (local key exists)
[17/50] skip 1620 (local key exists)
[18/50] skip 1621 (local key exists)
[19/50] skip 1622 (local key exists)
[20/50] skip 1623 (local key exists)
[21/50] skip 1624 (local key exists)
[22/50] skip 1625 (local key exists)
[23/50] skip 1626 (local key exists)
[25/50] skip 1628 (local key exists)
[26/50] skip 1629 (local key exists)
[27/50] skip 1630 (local key exists)
[28/50] skip 1631 (local key exists)
[29/50] skip 1632 (local key exists)
[30/50] skip 1633 (local key exists)
[31/50] skip 1634 (local key exists)
[32/50] skip 1635 (local key exists)
[33/50] skip 1636 (local key exists)
[34/50] skip 1637 (local key exists)
[35/50] skip 1638 (local key exists)
[36/50] skip 1639 (local key exists)
[37/50] skip 1640 (local key exists)
[38/50] skip 1641 (local key exists)
[39/50] skip 1642 (local key exists)
[40/50] skip 1643 (local key exists)
[42/50] skip 1645 (local key exists)
[43/50] skip 1646 (local key exists)
[44/50] skip 1647 (local key exists)
[45/50] skip 1648 (local key exists)
[46/50] skip 1649 (local key exists)
[47/50] skip 1650 (local key exists)
[48/50] skip 1651 (local key exists)
[49/50] skip 1652 (local key exists)
[50/50] skip 1653 (local key exists)
{"ok": 0, "fail": 6, "skip": 44, "n": 50, "workers": 5}
keys_dir=/opt/tnexus/pure_http_keys enable_count=537 ids=100,1211,1213,1215,1219,1221,1223,1225,1227,1229,1231,1233,1235,1237,1239,1241,1243,1245,1247,1249,1251,1253,1255,1257,1259,1261,1262,1263,1267,1269,1271,1273,1275,1277,1279,1281,1283,1285,1287,1289,1291,1293,1295,1297,1299,1300,1301,1302,1303,1304,1305,1306,1307,1308,1309,1310,1311,1312,1313,1314,1315,1316,1317,1318,1319,1320,1321,1322,1323,1324,1325,1327,1330,1332,1335,1336,1338,1340,1342,1343,1356,1358,1360,1362,1364,1365,1366,1367,1368,1369,1370,1371,1372,1373,1374,1375,1376,1377,1378,1379,1380,1381,1382,1383,1384,1385,1386,1387,1388,1389,1390,1392,1393,1394,1395,1396,1398,1400,1402,1404,1406,1408,1410,1412,1414,1416,1418,1420,1422,1424,1426,1427,1428,1429,1430,1431,1432,1433,1434,1435,1436,1439,1441,1443,1444,1445,1447,1449,1451,1453,1455,1457,1461,1463,1464,1467,1468,1469,1470,1471,1472,1473,1481,1482,1483,1487,1490,1492,1493,1494,1495,1496,1497,1504,1505,1506,1507,1508,1509,1510,1511,1512,1514,1515,1516,1517,1518,1519,1520,1521,1522,1523,1524,1525,1526,1527,1528,1529,1530,1531,1532,1533,1534,1535,1536,1537,1565,1566,1567,1568,1570,1571,1573,1574,1575,1576,1577,1592,1593,1594,1595,1596,1597,1598,1599,1600,1601,1602,1603,1604,1605,1606,1608,1610,1612,1613,1614,1616,1617,1618,1619,1620,1621,1622,1623,1624,1625,1626,1628,1629,1630,1631,1632,1633,1634,1635,1636,1637,1638,1639,1640,1641,1642,1643,1645,1646,1647,1648,1649,1650,1651,1652,1653,1654,1655,1656,1657,1658,1659,1660,1661,1662,1663,1664,1665,1666,1667,1668,1669,1670,1671,1672,1673,1675,1676,1677,1678,1682,1683,1686,1687,1688,1691,1692,1693,1694,1697,1698,1699,1700,1701,211,212,213,214,215,216,217,218,219,220,223,224,225,227,228,229,230,231,232,233,236,238,241,242,243,244,246,249,250,252,261,272,273,276,283,288,289,296,297,298,304,348,381,382,383,384,385,386,387,388,389,390,391,392,393,394,395,396,397,398,399,400,401,402,405,406,407,408,409,410,411,413,414,417,419,421,423,424,425,426,430,431,432,434,435,437,438,439,440,441,442,443,444,446,447,449,452,454,455,457,459,461,462,463,465,467,469,471,473,474,475,477,479,481,482,485,487,489,491,492,493,495,497,499,503,505,507,509,510,512,514,516,518,520,523,525,527,529,531,533,535,537,539,541,543,544,546,548,550,552,553,554,556,558,559,565,567,569,571,573,575,577,579,581,583,585,587,591,593,595,597,599,601,602,605,607,609,611,613,615,617,619,620,622,624,626,628,630,632,633,635,637,638,639,641,642,644,646,647,649,650,652,654,656,657,659,661,663,667,669,671,673,674,675,677,86,87,89,90,91,92,93,94,95,96,99
UPDATE 537
UPDATE 161
applied OK
537|698
batch rc=1 (partial failures ok), continuing

>>> batch 14 offset=650 limit=50
[1/48] skip 1654 (local key exists)
[2/48] skip 1655 (local key exists)
[3/48] skip 1656 (local key exists)
[4/48] skip 1657 (local key exists)
[5/48] skip 1658 (local key exists)
[6/48] skip 1659 (local key exists)
[7/48] skip 1660 (local key exists)
[8/48] skip 1661 (local key exists)
[9/48] skip 1662 (local key exists)
[10/48] skip 1663 (local key exists)
[11/48] skip 1664 (local key exists)
[12/48] skip 1665 (local key exists)
[13/48] skip 1666 (local key exists)
[14/48] skip 1667 (local key exists)
[15/48] skip 1668 (local key exists)
[16/48] skip 1669 (local key exists)
[17/48] skip 1670 (local key exists)
[18/48] skip 1671 (local key exists)
[19/48] skip 1672 (local key exists)
[20/48] skip 1673 (local key exists)
[22/48] skip 1675 (local key exists)
[23/48] skip 1676 (local key exists)
[24/48] skip 1677 (local key exists)
[25/48] skip 1678 (local key exists)
[29/48] skip 1682 (local key exists)
[30/48] skip 1683 (local key exists)
[33/48] skip 1686 (local key exists)
[34/48] skip 1687 (local key exists)
[35/48] skip 1688 (local key exists)
[38/48] skip 1691 (local key exists)
[39/48] skip 1692 (local key exists)
[40/48] skip 1693 (local key exists)
[41/48] skip 1694 (local key exists)
[44/48] skip 1697 (local key exists)
[45/48] skip 1698 (local key exists)
[46/48] skip 1699 (local key exists)
[47/48] skip 1700 (local key exists)
[48/48] skip 1701 (local key exists)
{"ok": 0, "fail": 10, "skip": 38, "n": 48, "workers": 5}
keys_dir=/opt/tnexus/pure_http_keys enable_count=537 ids=100,1211,1213,1215,1219,1221,1223,1225,1227,1229,1231,1233,1235,1237,1239,1241,1243,1245,1247,1249,1251,1253,1255,1257,1259,1261,1262,1263,1267,1269,1271,1273,1275,1277,1279,1281,1283,1285,1287,1289,1291,1293,1295,1297,1299,1300,1301,1302,1303,1304,1305,1306,1307,1308,1309,1310,1311,1312,1313,1314,1315,1316,1317,1318,1319,1320,1321,1322,1323,1324,1325,1327,1330,1332,1335,1336,1338,1340,1342,1343,1356,1358,1360,1362,1364,1365,1366,1367,1368,1369,1370,1371,1372,1373,1374,1375,1376,1377,1378,1379,1380,1381,1382,1383,1384,1385,1386,1387,1388,1389,1390,1392,1393,1394,1395,1396,1398,1400,1402,1404,1406,1408,1410,1412,1414,1416,1418,1420,1422,1424,1426,1427,1428,1429,1430,1431,1432,1433,1434,1435,1436,1439,1441,1443,1444,1445,1447,1449,1451,1453,1455,1457,1461,1463,1464,1467,1468,1469,1470,1471,1472,1473,1481,1482,1483,1487,1490,1492,1493,1494,1495,1496,1497,1504,1505,1506,1507,1508,1509,1510,1511,1512,1514,1515,1516,1517,1518,1519,1520,1521,1522,1523,1524,1525,1526,1527,1528,1529,1530,1531,1532,1533,1534,1535,1536,1537,1565,1566,1567,1568,1570,1571,1573,1574,1575,1576,1577,1592,1593,1594,1595,1596,1597,1598,1599,1600,1601,1602,1603,1604,1605,1606,1608,1610,1612,1613,1614,1616,1617,1618,1619,1620,1621,1622,1623,1624,1625,1626,1628,1629,1630,1631,1632,1633,1634,1635,1636,1637,1638,1639,1640,1641,1642,1643,1645,1646,1647,1648,1649,1650,1651,1652,1653,1654,1655,1656,1657,1658,1659,1660,1661,1662,1663,1664,1665,1666,1667,1668,1669,1670,1671,1672,1673,1675,1676,1677,1678,1682,1683,1686,1687,1688,1691,1692,1693,1694,1697,1698,1699,1700,1701,211,212,213,214,215,216,217,218,219,220,223,224,225,227,228,229,230,231,232,233,236,238,241,242,243,244,246,249,250,252,261,272,273,276,283,288,289,296,297,298,304,348,381,382,383,384,385,386,387,388,389,390,391,392,393,394,395,396,397,398,399,400,401,402,405,406,407,408,409,410,411,413,414,417,419,421,423,424,425,426,430,431,432,434,435,437,438,439,440,441,442,443,444,446,447,449,452,454,455,457,459,461,462,463,465,467,469,471,473,474,475,477,479,481,482,485,487,489,491,492,493,495,497,499,503,505,507,509,510,512,514,516,518,520,523,525,527,529,531,533,535,537,539,541,543,544,546,548,550,552,553,554,556,558,559,565,567,569,571,573,575,577,579,581,583,585,587,591,593,595,597,599,601,602,605,607,609,611,613,615,617,619,620,622,624,626,628,630,632,633,635,637,638,639,641,642,644,646,647,649,650,652,654,656,657,659,661,663,667,669,671,673,674,675,677,86,87,89,90,91,92,93,94,95,96,99
UPDATE 537
UPDATE 161
applied OK
537|698
batch rc=1 (partial failures ok), continuing
reached pool end (~698 accounts)
{"batches": 14, "next_offset": 700}
keys_dir=/opt/tnexus/pure_http_keys enable_count=537 ids=100,1211,1213,1215,1219,1221,1223,1225,1227,1229,1231,1233,1235,1237,1239,1241,1243,1245,1247,1249,1251,1253,1255,1257,1259,1261,1262,1263,1267,1269,1271,1273,1275,1277,1279,1281,1283,1285,1287,1289,1291,1293,1295,1297,1299,1300,1301,1302,1303,1304,1305,1306,1307,1308,1309,1310,1311,1312,1313,1314,1315,1316,1317,1318,1319,1320,1321,1322,1323,1324,1325,1327,1330,1332,1335,1336,1338,1340,1342,1343,1356,1358,1360,1362,1364,1365,1366,1367,1368,1369,1370,1371,1372,1373,1374,1375,1376,1377,1378,1379,1380,1381,1382,1383,1384,1385,1386,1387,1388,1389,1390,1392,1393,1394,1395,1396,1398,1400,1402,1404,1406,1408,1410,1412,1414,1416,1418,1420,1422,1424,1426,1427,1428,1429,1430,1431,1432,1433,1434,1435,1436,1439,1441,1443,1444,1445,1447,1449,1451,1453,1455,1457,1461,1463,1464,1467,1468,1469,1470,1471,1472,1473,1481,1482,1483,1487,1490,1492,1493,1494,1495,1496,1497,1504,1505,1506,1507,1508,1509,1510,1511,1512,1514,1515,1516,1517,1518,1519,1520,1521,1522,1523,1524,1525,1526,1527,1528,1529,1530,1531,1532,1533,1534,1535,1536,1537,1565,1566,1567,1568,1570,1571,1573,1574,1575,1576,1577,1592,1593,1594,1595,1596,1597,1598,1599,1600,1601,1602,1603,1604,1605,1606,1608,1610,1612,1613,1614,1616,1617,1618,1619,1620,1621,1622,1623,1624,1625,1626,1628,1629,1630,1631,1632,1633,1634,1635,1636,1637,1638,1639,1640,1641,1642,1643,1645,1646,1647,1648,1649,1650,1651,1652,1653,1654,1655,1656,1657,1658,1659,1660,1661,1662,1663,1664,1665,1666,1667,1668,1669,1670,1671,1672,1673,1675,1676,1677,1678,1682,1683,1686,1687,1688,1691,1692,1693,1694,1697,1698,1699,1700,1701,211,212,213,214,215,216,217,218,219,220,223,224,225,227,228,229,230,231,232,233,236,238,241,242,243,244,246,249,250,252,261,272,273,276,283,288,289,296,297,298,304,348,381,382,383,384,385,386,387,388,389,390,391,392,393,394,395,396,397,398,399,400,401,402,405,406,407,408,409,410,411,413,414,417,419,421,423,424,425,426,430,431,432,434,435,437,438,439,440,441,442,443,444,446,447,449,452,454,455,457,459,461,462,463,465,467,469,471,473,474,475,477,479,481,482,485,487,489,491,492,493,495,497,499,503,505,507,509,510,512,514,516,518,520,523,525,527,529,531,533,535,537,539,541,543,544,546,548,550,552,553,554,556,558,559,565,567,569,571,573,575,577,579,581,583,585,587,591,593,595,597,599,601,602,605,607,609,611,613,615,617,619,620,622,624,626,628,630,632,633,635,637,638,639,641,642,644,646,647,649,650,652,654,656,657,659,661,663,667,669,671,673,674,675,677,86,87,89,90,91,92,93,94,95,96,99
UPDATE 537
UPDATE 161
applied OK
537|698
