[15/50] FAIL 210: session extract failed: digests=0 sigs=0 meta_html=False
[14/50] FAIL 209: session extract failed: digests=0 sigs=0 meta_html=False
[26/50] FAIL 221: session extract failed: digests=0 sigs=0 meta_html=False
[27/50] FAIL 222: session extract failed: digests=0 sigs=0 meta_html=False
[3/50] FAIL 88: session extract failed: digests=0 sigs=0 meta_html=False
[39/50] FAIL 234: session extract failed: digests=0 sigs=0 meta_html=False
[40/50] FAIL 235: session extract failed: digests=0 sigs=0 meta_html=False
[45/50] FAIL 240: session extract failed: digests=0 sigs=0 meta_html=False
[31/50] FAIL 226: Page.goto: net::ERR_CONNECTION_CLOSED at https://grok.com/
Call log:
  - navigating to "https://grok.com/", waiting until "domcontentloaded"

[42/50] FAIL 237: Page.goto: net::ERR_CONNECTION_CLOSED at https://grok.com/
Call log:
  - navigating to "https://grok.com/", waiting until "domcontentloaded"

[44/50] FAIL 239: Page.goto: net::ERR_CONNECTION_CLOSED at https://grok.com/
Call log:
  - navigating to "https://grok.com/", waiting until "domcontentloaded"

[50/50] FAIL 245: session extract failed: digests=0 sigs=0 meta_html=False
/root/.profile: line 10: /root/.cargo/env: No such file or directory
[2/50] FAIL 247: session extract failed: digests=0 sigs=0 meta_html=False
[8/50] FAIL 253: session extract failed: digests=0 sigs=0 meta_html=False
[6/50] FAIL 251: session extract failed: digests=0 sigs=0 meta_html=False
[9/50] FAIL 254: session extract failed: digests=0 sigs=0 meta_html=False
[3/50] FAIL 248: session extract failed: digests=0 sigs=0 meta_html=False
[10/50] FAIL 255: session extract failed: digests=0 sigs=0 meta_html=False
[13/50] FAIL 258: session extract failed: digests=0 sigs=0 meta_html=False
[12/50] FAIL 257: session extract failed: digests=0 sigs=0 meta_html=False
[17/50] FAIL 263: session extract failed: digests=0 sigs=0 meta_html=False
[11/50] FAIL 256: session extract failed: digests=0 sigs=0 meta_html=False
[15/50] FAIL 260: session extract failed: digests=0 sigs=0 meta_html=False
[14/50] FAIL 259: fetch_sso(259) failed after 2 tries: timeout>120s
[19/50] FAIL 266: session extract failed: digests=0 sigs=0 meta_html=False
[22/50] FAIL 269: session extract failed: digests=0 sigs=0 meta_html=False
[18/50] FAIL 264: fetch_sso(264) failed after 2 tries: timeout>120s
[23/50] FAIL 270: session extract failed: digests=0 sigs=0 meta_html=False
[20/50] FAIL 267: fetch_sso(267) failed after 2 tries: timeout>120s
[21/50] FAIL 268: session extract failed: digests=0 sigs=0 meta_html=False
[30/50] FAIL 277: session extract failed: digests=0 sigs=0 meta_html=False
[27/50] FAIL 274: session extract failed: digests=0 sigs=0 meta_html=False
[33/50] FAIL 280: session extract failed: digests=0 sigs=0 meta_html=False
[31/50] FAIL 278: session extract failed: digests=0 sigs=0 meta_html=False
[24/50] FAIL 271: session extract failed: digests=0 sigs=0 meta_html=False
[28/50] FAIL 275: session extract failed: digests=0 sigs=0 meta_html=False
[32/50] FAIL 279: session extract failed: digests=0 sigs=0 meta_html=False
[34/50] FAIL 281: Page.goto: net::ERR_CONNECTION_CLOSED at https://grok.com/
Call log:
  - navigating to "https://grok.com/", waiting until "domcontentloaded"

[37/50] FAIL 284: fetch_sso(284) failed after 2 tries: rc=255 ssh: connect to host 100.69.228.93 port 22: Connection timed out
[35/50] FAIL 282: Page.goto: net::ERR_CONNECTION_CLOSED at https://grok.com/
Call log:
  - navigating to "https://grok.com/", waiting until "domcontentloaded"

[38/50] FAIL 285: fetch_sso(285) failed after 2 tries: rc=255 ssh: connect to host 100.69.228.93 port 22: Connection timed out
[40/50] FAIL 287: fetch_sso(287) failed after 2 tries: rc=255 ssh: connect to host 100.69.228.93 port 22: Connection timed out
[43/50] FAIL 290: fetch_sso(290) failed after 2 tries: rc=255 ssh: connect to host 100.69.228.93 port 22: Connection timed out
[39/50] FAIL 286: session extract failed: digests=0 sigs=0 meta_html=False
[44/50] FAIL 291: session extract failed: digests=0 sigs=0 meta_html=False
[45/50] FAIL 292: session extract failed: digests=0 sigs=0 meta_html=False
[46/50] FAIL 293: session extract failed: digests=0 sigs=0 meta_html=False
[47/50] FAIL 294: session extract failed: digests=0 sigs=0 meta_html=False
[48/50] FAIL 295: session extract failed: digests=0 sigs=0 meta_html=False
/root/.profile: line 10: /root/.cargo/env: No such file or directory
[3/50] FAIL 300: session extract failed: digests=0 sigs=0 meta_html=False
[2/50] FAIL 299: session extract failed: digests=0 sigs=0 meta_html=False
[4/50] FAIL 301: session extract failed: digests=0 sigs=0 meta_html=False
[6/50] FAIL 303: session extract failed: digests=0 sigs=0 meta_html=False
[5/50] FAIL 302: session extract failed: digests=0 sigs=0 meta_html=False
[10/50] FAIL 307: session extract failed: digests=0 sigs=0 meta_html=False
[9/50] FAIL 306: session extract failed: digests=0 sigs=0 meta_html=False
[12/50] FAIL 309: session extract failed: digests=0 sigs=0 meta_html=False
[8/50] FAIL 305: session extract failed: digests=0 sigs=0 meta_html=False
[11/50] FAIL 308: session extract failed: digests=0 sigs=0 meta_html=False
[14/50] FAIL 311: session extract failed: digests=0 sigs=0 meta_html=False
[16/50] FAIL 313: session extract failed: digests=0 sigs=0 meta_html=False
[15/50] FAIL 312: session extract failed: digests=0 sigs=0 meta_html=False
[13/50] FAIL 310: session extract failed: digests=0 sigs=0 meta_html=False
[17/50] FAIL 314: session extract failed: digests=0 sigs=0 meta_html=False
[19/50] FAIL 316: session extract failed: digests=0 sigs=0 meta_html=False
[18/50] FAIL 315: session extract failed: digests=0 sigs=0 meta_html=False
[21/50] FAIL 318: session extract failed: digests=0 sigs=0 meta_html=False
[20/50] FAIL 317: session extract failed: digests=0 sigs=0 meta_html=False
[22/50] FAIL 319: session extract failed: digests=0 sigs=0 meta_html=False
[23/50] FAIL 320: session extract failed: digests=0 sigs=0 meta_html=False
[24/50] FAIL 321: session extract failed: digests=0 sigs=0 meta_html=False
[26/50] FAIL 323: session extract failed: digests=0 sigs=0 meta_html=False
[27/50] FAIL 324: session extract failed: digests=0 sigs=0 meta_html=False
[25/50] FAIL 322: session extract failed: digests=0 sigs=0 meta_html=False
[28/50] FAIL 325: session extract failed: digests=0 sigs=0 meta_html=False
[29/50] FAIL 326: session extract failed: digests=0 sigs=0 meta_html=False
[30/50] FAIL 327: session extract failed: digests=0 sigs=0 meta_html=False
[32/50] FAIL 329: session extract failed: digests=0 sigs=0 meta_html=False
[31/50] FAIL 328: session extract failed: digests=0 sigs=0 meta_html=False
[33/50] FAIL 330: session extract failed: digests=0 sigs=0 meta_html=False
[34/50] FAIL 331: session extract failed: digests=0 sigs=0 meta_html=False
[35/50] FAIL 332: session extract failed: digests=0 sigs=0 meta_html=False
[37/50] FAIL 334: session extract failed: digests=0 sigs=0 meta_html=False
[36/50] FAIL 333: session extract failed: digests=0 sigs=0 meta_html=False
[38/50] FAIL 335: session extract failed: digests=0 sigs=0 meta_html=False
[39/50] FAIL 336: session extract failed: digests=0 sigs=0 meta_html=False
[40/50] FAIL 337: session extract failed: digests=0 sigs=0 meta_html=False
[41/50] FAIL 338: session extract failed: digests=0 sigs=0 meta_html=False
[42/50] FAIL 339: session extract failed: digests=0 sigs=0 meta_html=False
[43/50] FAIL 340: session extract failed: digests=0 sigs=0 meta_html=False
[44/50] FAIL 341: session extract failed: digests=0 sigs=0 meta_html=False
[47/50] FAIL 344: session extract failed: digests=0 sigs=0 meta_html=False
[45/50] FAIL 342: session extract failed: digests=0 sigs=0 meta_html=False
[46/50] FAIL 343: session extract failed: digests=0 sigs=0 meta_html=False
[49/50] FAIL 346: session extract failed: digests=0 sigs=0 meta_html=False
[48/50] FAIL 345: session extract failed: digests=0 sigs=0 meta_html=False
[50/50] FAIL 347: session extract failed: digests=0 sigs=0 meta_html=False
/root/.profile: line 10: /root/.cargo/env: No such file or directory
[2/50] FAIL 349: session extract failed: digests=0 sigs=0 meta_html=False
[4/50] FAIL 351: session extract failed: digests=0 sigs=0 meta_html=False
[3/50] FAIL 350: session extract failed: digests=0 sigs=0 meta_html=False
[6/50] FAIL 353: session extract failed: digests=0 sigs=0 meta_html=False
[5/50] FAIL 352: session extract failed: digests=0 sigs=0 meta_html=False
[9/50] FAIL 356: session extract failed: digests=0 sigs=0 meta_html=False
[7/50] FAIL 354: session extract failed: digests=0 sigs=0 meta_html=False
[13/50] FAIL 360: session extract failed: digests=0 sigs=0 meta_html=False
[11/50] FAIL 358: session extract failed: digests=0 sigs=0 meta_html=False
[15/50] FAIL 362: session extract failed: digests=0 sigs=0 meta_html=False
[8/50] FAIL 355: fetch_sso(355) failed after 2 tries: timeout>120s
[10/50] FAIL 357: fetch_sso(357) failed after 2 tries: timeout>120s
[14/50] FAIL 361: session extract failed: digests=0 sigs=0 meta_html=False
[12/50] FAIL 359: fetch_sso(359) failed after 2 tries: timeout>120s
[16/50] FAIL 363: session extract failed: digests=0 sigs=0 meta_html=False
[18/50] FAIL 365: session extract failed: digests=0 sigs=0 meta_html=False
[21/50] FAIL 368: session extract failed: digests=0 sigs=0 meta_html=False
[17/50] FAIL 364: fetch_sso(364) failed after 2 tries: timeout>120s
[19/50] FAIL 366: session extract failed: digests=0 sigs=0 meta_html=False
[20/50] FAIL 367: session extract failed: digests=0 sigs=0 meta_html=False
[24/50] FAIL 371: session extract failed: digests=0 sigs=0 meta_html=False
[22/50] FAIL 369: session extract failed: digests=0 sigs=0 meta_html=False
[23/50] FAIL 370: session extract failed: digests=0 sigs=0 meta_html=False
[25/50] FAIL 372: session extract failed: digests=0 sigs=0 meta_html=False
[29/50] FAIL 376: session extract failed: digests=0 sigs=0 meta_html=False
[26/50] FAIL 373: session extract failed: digests=0 sigs=0 meta_html=False
[28/50] FAIL 375: session extract failed: digests=0 sigs=0 meta_html=False
[27/50] FAIL 374: fetch_sso(374) failed after 2 tries: timeout>120s
[30/50] FAIL 377: session extract failed: digests=0 sigs=0 meta_html=False
[32/50] FAIL 379: session extract failed: digests=0 sigs=0 meta_html=False
[31/50] FAIL 378: session extract failed: digests=0 sigs=0 meta_html=False
[33/50] FAIL 380: session extract failed: digests=0 sigs=0 meta_html=False
/root/.profile: line 10: /root/.cargo/env: No such file or directory
/root/.profile: line 10: /root/.cargo/env: No such file or directory
/root/.profile: line 10: /root/.cargo/env: No such file or directory
[9/50] FAIL 589: session extract failed: digests=0 sigs=0 meta_html=False
/root/.profile: line 10: /root/.cargo/env: No such file or directory
[11/50] FAIL 1217: session extract failed: digests=0 sigs=0 meta_html=False
/root/.profile: line 10: /root/.cargo/env: No such file or directory
[30/50] FAIL 1329: session extract failed: digests=0 sigs=0 meta_html=False
[33/50] FAIL 1334: session extract failed: digests=0 sigs=0 meta_html=False
[40/50] FAIL 1344: session extract failed: digests=0 sigs=0 meta_html=False
[41/50] FAIL 1346: session extract failed: digests=0 sigs=0 meta_html=False
[42/50] FAIL 1348: session extract failed: digests=0 sigs=0 meta_html=False
[43/50] FAIL 1350: session extract failed: digests=0 sigs=0 meta_html=False
[44/50] FAIL 1352: session extract failed: digests=0 sigs=0 meta_html=False
[45/50] FAIL 1354: session extract failed: digests=0 sigs=0 meta_html=False
/root/.profile: line 10: /root/.cargo/env: No such file or directory
[27/50] FAIL 1391: session extract failed: digests=0 sigs=0 meta_html=False
/root/.profile: line 10: /root/.cargo/env: No such file or directory
[50/50] FAIL 1513: fetch_sso(1513) failed after 2 tries: rc=1 Traceback (most recent call last):
  File "/root/TNexus/scripts/panda_fetch_sso.py", line 63, in <module>
    raise SystemExit(main())
                     ^^^^
[19/50] FAIL 1459: session extract failed: digests=0 sigs=0 meta_html=False
/root/.profile: line 10: /root/.cargo/env: No such file or directory
[25/50] FAIL 1564: fetch_sso(1564) failed after 2 tries: rc=1 Traceback (most recent call last):
  File "/root/TNexus/scripts/panda_fetch_sso.py", line 63, in <module>
    raise SystemExit(main())
                     ^^^^
[33/50] FAIL 1572: fetch_sso(1572) failed after 2 tries: rc=1 Traceback (most recent call last):
  File "/root/TNexus/scripts/panda_fetch_sso.py", line 63, in <module>
    raise SystemExit(main())
                     ^^^^
[30/50] FAIL 1569: session extract failed: digests=0 sigs=0 meta_html=False
/root/.profile: line 10: /root/.cargo/env: No such file or directory
[8/50] FAIL 1611: fetch_sso(1611) failed after 2 tries: rc=1 Traceback (most recent call last):
  File "/root/TNexus/scripts/panda_fetch_sso.py", line 63, in <module>
    raise SystemExit(main())
                     ^^^^
[12/50] FAIL 1615: fetch_sso(1615) failed after 2 tries: rc=1 Traceback (most recent call last):
  File "/root/TNexus/scripts/panda_fetch_sso.py", line 63, in <module>
    raise SystemExit(main())
                     ^^^^
[6/50] FAIL 1609: fetch_sso(1609) failed after 2 tries: rc=1 Traceback (most recent call last):
  File "/root/TNexus/scripts/panda_fetch_sso.py", line 63, in <module>
    raise SystemExit(main())
                     ^^^^
[4/50] FAIL 1607: fetch_sso(1607) failed after 2 tries: rc=1 Traceback (most recent call last):
  File "/root/TNexus/scripts/panda_fetch_sso.py", line 63, in <module>
    raise SystemExit(main())
                     ^^^^
[24/50] FAIL 1627: fetch_sso(1627) failed after 2 tries: rc=1 Traceback (most recent call last):
  File "/root/TNexus/scripts/panda_fetch_sso.py", line 63, in <module>
    raise SystemExit(main())
                     ^^^^
[41/50] FAIL 1644: fetch_sso(1644) failed after 2 tries: rc=1 Traceback (most recent call last):
  File "/root/TNexus/scripts/panda_fetch_sso.py", line 63, in <module>
    raise SystemExit(main())
                     ^^^^
/root/.profile: line 10: /root/.cargo/env: No such file or directory
[21/48] FAIL 1674: fetch_sso(1674) failed after 2 tries: timeout>120s
[28/48] FAIL 1681: fetch_sso(1681) failed after 2 tries: timeout>120s
[27/48] FAIL 1680: fetch_sso(1680) failed after 2 tries: rc=1 Traceback (most recent call last):
  File "/root/TNexus/scripts/panda_fetch_sso.py", line 63, in <module>
    raise SystemExit(main())
                     ^^^^
[26/48] FAIL 1679: fetch_sso(1679) failed after 2 tries: timeout>120s
[31/48] FAIL 1684: fetch_sso(1684) failed after 2 tries: rc=1 Traceback (most recent call last):
  File "/root/TNexus/scripts/panda_fetch_sso.py", line 63, in <module>
    raise SystemExit(main())
                     ^^^^
[32/48] FAIL 1685: fetch_sso(1685) failed after 2 tries: rc=1 Traceback (most recent call last):
  File "/root/TNexus/scripts/panda_fetch_sso.py", line 63, in <module>
    raise SystemExit(main())
                     ^^^^
[36/48] FAIL 1689: fetch_sso(1689) failed after 2 tries: rc=1 Traceback (most recent call last):
  File "/root/TNexus/scripts/panda_fetch_sso.py", line 63, in <module>
    raise SystemExit(main())
                     ^^^^
[43/48] FAIL 1696: fetch_sso(1696) failed after 2 tries: rc=1 Traceback (most recent call last):
  File "/root/TNexus/scripts/panda_fetch_sso.py", line 63, in <module>
    raise SystemExit(main())
                     ^^^^
[37/48] FAIL 1690: fetch_sso(1690) failed after 2 tries: rc=1 Traceback (most recent call last):
  File "/root/TNexus/scripts/panda_fetch_sso.py", line 63, in <module>
    raise SystemExit(main())
                     ^^^^
[42/48] FAIL 1695: fetch_sso(1695) failed after 2 tries: rc=1 Traceback (most recent call last):
  File "/root/TNexus/scripts/panda_fetch_sso.py", line 63, in <module>
    raise SystemExit(main())
                     ^^^^
/root/.profile: line 10: /root/.cargo/env: No such file or directory
/root/.profile: line 10: /root/.cargo/env: No such file or directory
